[    0.000000] Initializing cgroup subsys cpuset
[  0000000] Initializing cgroup subsys cpu
[  0.000000] Initializing cgroup subsys cpuacct
[    0.000000] Linux version 4.4.0-157-generic (buildd@lgw01-amd64-037) (gcc version 5.4.0 20160609 (Ubuntu 5.4.0-6ubuntu1~16.04.10) ) #185-Ubuntu SMP Tue Jul 23 09:17:01 UTC 2019 (Ubuntu 4.4.0-157.185-generic 4.4.181)
[    0.000000] Command line: BOOT_IMAGE=/boot/vmlinuz-4.4.0-157-genericroot=LABEL=cloudimg-rootfs ro console=tty1 console=ttyS0
[    0.000000] KERNEL supported cpus:
[    0.000000]   Intel GenuineIntel
[  0000000]   AMD AuthenticAMD
[   0.000000]   Centaur CentaurHauls
[   0.000000] x86/fpu: xstate_offset[2]:  76xstate_sizes[2]:  256
[  0000000] x86/fpu: Supporting XSAVE feature 0x01: 'x87 floating point registers'
[  0000000] x86/fpu: Supporting XSAVE feature 0x02: 'SSE registers'
[  0000000] x86/fp Supporting XSAVE feature 0x04: 'AVX registers'
[    0.000000] x86/fpu: Enabled xstate features 0x7, context size is 832 bytes, using 'standard' format.
[    0.000000] e820: BIOS-provided physical RAM map:
[    0.000000] BIOS-e820: [mem 0x0000000000000000-0x000000000009fbff] usabl
[  .0000] BIOS-e820: [mem 0x000000000009fc00-0x000000000009ffff] reserved
[    0.000000] BIOS-e820: [mem 0x00000000000f0000-0x00000000000fffff] reserved
[    0.000000] BIOS-e820: [mem 0x0000000000100000-0x000000003ffeffff] usable
[    0.000000] BIOS-e820: [mem 0x000000003fff0000-0x000000003fffffff] ACPI data
[    0.000000] BIOS-e820: [mem 0x00000000fec00000-0x00000000fec00fff] reserved
[    0.000000] BIOS-e820: [mem 0x00000000fee00000-0x0000000fee00fff] reserved
[  0000000] BIOS-e820: [mem 0x00000000fffc0000-0x00000000ffffffff] reserved
[    0.000000] NX (Execute Disable) protection: active
[    0.000000] SMBIOS 2.5 present.
[  0.00000] Hypervisor detected: KVM
[  0000000] e820: last_pfn = 0x3fff0 max_arch_pfn = 0x400000000
[    0.000000] MTRR: Disabled
[    0.000000] x86/PAT: MTRRs disabled, skipping PAT initialization too.
[    0.000000] CPU MTRRs all blank - virtualized system.
[    0.000000] x86/PAT: Configuration [0-7]: WB  WT  UC- UC  WB  WT  UC- UC  
[    0.000000] found SMP MP-tablat [mem 0x0009fff0-0x0009ffff] mapped at [ffff88000009fff0]
[    0.000000] Scanning 1 areas for low memory corruption
[    0.000000] RAMDISK: [mem 0x362fc000-0x37175fff]
[    0.000000] ACPI: Early table checksum verification disabled
[    0.000000] ACPI: RSDP 0x00000000000E0000 000024 (v02 VBOX  )
[    0.000000] ACPI: XSDT 0x000000003FFF0030 00003C (v01 VBOX   VBOXXSDT 00000001 ASL  00000061)
[    0.000000] ACPI: FACP 0x000000003FFF00F0 0000F4 (v04 VBOX   VBOXFACP 00000001 ASL  00000061)
[    0.000000] ACPI: DSDT 0x000000003FFF0470 0021FF (v02 VBOX   VBOXBIOS 00000002 INTL 20100528)
[    0.000000] ACPI: FACS 0x000000003FFF0200 000040
[    0.000000] ACPI: FACS 0x000000003FFF0200 000040
[    0.000000] ACPI: APIC 0x000000003FFF0240 00005C (v02 VBOX   VBOXAPIC 00000001 ASL  00000061)
[    0.000000] ACPI: SSDT 0x000000003FFF02A0 0001CC (v01 VBOX   VBOXCPUT 00000002 INTL 20100528)
[    0.000000] No NUMA configuration found
[    0.000000] Faking a node at [mem 0x0000000000000000-0x000000003ffeffff]
[    0.000000] NODE_DATA(0) allocated [mem 0x3ffeb000-0x3ffeffff]
[    0.000000] kvm-clock: Using msrs 4b564d01 and 4b564d00
[    0.000000] kvm-clock: cpu 0, mssr 0:3ffe3001, primary cpu clock
[    0.000000] kvm-clock: using sched offset of 3701512584 cycles
[    0.000000] clocksource: kvm-clock: mask: 0xffffffffffffffff max_cycles: 0x1cd42e4dffb, max_idle_ns: 881590591483 ns
[    0.000000] Zone ranges:
[    0.000000]   DMA      [mem 0x0000000000001000-0x0000000000ffffff]
[    0.000000]   DMA32    [mem 0x0000000001000000-0x000000003ffeffff]
[    0.000000]   Normal   empty
[    0.000000]   Device   empty
[    0.000000] Movable zone start for each node
[    0.000000] Early memory node ranges
[    0.000000]   node   0: [mem 0x000000000001000-0x000000000009efff]
[    0.000000]   nde   0: [mem 0x0000000000100000-0x000000003ffeffff]
[    0.000000] Iniemsetup node 0 [mem 0x0000000000001000-0x000000003ffeffff]
[  0000000] ACPI: PM-Timer IO Port: 0x4008
[    0.000000] IOAPIC[0]: apic_id 2, version 32, address 0xfec00000, GSI 0-23
[  0000000] ACPI: INT_SRC_OVR (bus 0 bus_irq 0 global_irq 2 dfl dfl)
[    0.000000] ACPI: INT_SRC_OVR (bus 0 bus_irq 9 global_irq 9 low level)
[    0.000000] Using ACPI (MADT) for SMP configuration information
[    0.000000] smpboot: Allowing 2 CPUs, 0 hotplug CPUs
[    0.000000] PM: Registered nosave memory: [mem 0x00000000-0x00000fff]
[    0.000000] PM: Registered nosave memory: [mem 0x0009f000-0x0009ffff]
[    0.000000] PM: Registered nosave memory: [mem 0x000a0000-0x000effff]
[    0.000000] PM: Registered nosave memory:  [mem 00f0000-0x000fffff]
[  0000000] e820: [mem 0x40000000-0xfebfffff] available for PCI devices
[  0.000000] Booting paravirtualized kernel on KVM
[    0.000000] clocksource: refined-jiffies: mask: 0xffffffff max_cycles: 0xffffffff, max_idle_ns: 7645519600211568 ns
[  0000000] setup_percpu: NR_CPUS:512 nr_cpumask_bits:512 nr_cpu_id:2r_node_ids:1
[    0.000000] PERCPU: Embedded 34 pages/cpu @ffff88003fc00000 s99544 r8192 d31528 u1048576
[    0.000000] Built 1 zonelists in Node order, mobility grouping on.  Total pages: 257912
[    0.000000] Policy zone: DMA32
[    0.000000] Kernel command line: BOOT_IMAGE=/boot/vmlinuz-4.4.0-157-generic root=LABEL=cloudimg-rootfs ro console=tty1 console=ttyS0
[    0.000000] PID hash table entries: 4096 (order: 3, 32768 bytes)
[    0.000000] Memory: 997736K/1048120K available (8618K kernel code, 1335K rwdata, 4032K rodata, 1484K init, 1284K bss, 50384K reserved, 0K cma-reserved)
[    0.000000] SLUB: HWalign=64, Order=0-3, MinObjects=0, CPUs=2, Nodes=1
[    0.000000] Kernel/User page tables isolation: enabled
[  000000 Herarchical RCU implementation.
[    0.000000] 	Build-time adjustment of leaf fanout to 64.
[    0.000000] 	RCU restricting CPUs from NR_CPUS=512 to nr_cpu_ids=2.
[    0.000000] RCU: Adjusting geometry for rcu_fanout_leaf=64, nr_cpu_ids=2
[    0.000000] NR_IRQS:33024 nr_irqs:440 16
[    0.000000] Console: colour VGA+ 80x25
[    0.000000] console [tty1] enabled
[    0.000000] console [ttyS0] enabled
[    0.000000] tsc: Detected 2904.002 MHz processor
[    1.539598] Calibrating delay loop (skipped) preset value.. 5808.00 BogoMIPS (lpj=11616008)
[    1.541774] pid_max: default: 32768 minimum: 1
[    1.572928] ACPI: Core revision 20150930
[    1.575962] ACPI: 2 ACPI AML tables successfully acquired and loaded
[    1.577448] Security Framework initialized
[    1.578453] Yama: becoming mindful.
[    1.579421] AppArmor: AppArmor initialized
[    1.5880497] Dentry cache hash table entries: 131072 (order: 8, 1048576 bytes)
[    1.585191] Inode-cache hash table entries: 65536 (order: 7, 524288 bytes)
[    1.592931] Mount-cache hash table entries: 2048 (order: 2, 16384 bytes)
[    1.603794] Mountpoint-cache hash table entries: 2048 (order: 2, 16384 bytes)
[    1.611684] Initializing cgroup subsys io
[    1.619749] Initializing cgroup subsys memory
[    1.620753] Initializing cgroup subsys devices
[    1.628791] Initializing cgroup subsys freezer
[    1.636638] Initializing cgroup subsys net_cls
[    1.644406] Initializing cgroup subsys perf_event
[    1.652214] Initializing cgroup subsys net_prio
[    1.666516] Initializing cgroup subsys hugetlb
[    1.667575] Initializing cgroup subsys pids
[    1.669666] mce: CPU supports 0 MCE banks
[    1.670643] Last level iTLB entries: 4KB 64, 2MB 8, 4MB 8
[    1.671844] Last level dTLB entries: 4KB 64, 2MB 0, 4MB 0, 1GB 4
[    1.673103] Spectre V2 : Mitigation: Full generic retpoline
[    1.674313] Spectre V2 : Spectre v2 / SpectreRSB mitigation: Filling RSB on context switch
[    1.676276] Speculative Store Bypass: Vulnerable
[    1.677389] MDS: Vulnerable: Clear CPU buffers attempted, no microcode
[    1.682275] Freeing SMP alternatives memory: 36K
[    1.688752] ftrace: allocating 32312 entries in 127 pages
[    1.748958] smpboot: APIC(0) Converting physical 0 to logical package 0
[    1.797523] smpboot: Max logical packages: 1
[    1.798869] x2apic enabled
[    1.799931] Switched APIC routing to physical x2apic.
[    1.802450] ..TIMER: vector=0x30 apic1=0 pin1=2 apic2=-1 pin2=-1
[    1.915400] APIC calibration not consistent with PM-Timer: 102ms instead of 100ms
[    1.917595] APIC delta adjusted to PM-Timer: 6241080 (6415609)
[    1.919215] smpboot: CPU0: Intel(R) Core(TM) i7-7500U CPU @ 2.70GHz (family: 0x6, model: 0x8e, stepping: 0x9)
[    1.928162] Performance Events: unsupported p6 CPU model 142 no PMU driver, software events only.
[    1.939798] KVM setup paravirtual spinlock
[    1.941526] x86: Booting SMP configuration:
[    1.942544] .... node  #0, CPUs:      #1
[    1.943518] kvm-clock: cpu 1, msr 0:3ffe3041, secondary cpu clock
[    1.946120] mce: CPU supports 0 MCE banks
[    1.949107] x86: Booted up 1 node, 2 CPUs
[    1.950353] smpboot: Total of 2 processors activated (11616.00 BogoMIPS)
[    1.952192] devtmpfs: initialized
[    1.954772] evm: security.selinux
[    1.955662] evm: security.SMACK64
[    1.956559] evm: security.SMACK64EXEC
[    1.957501] evm: security.SMACK64TRANSMUTE
[    1.958539] evm: security.SMACK64MMAP
[    1.959474] evm: security.ima
[    1.960300] evm: security.capability
[    1.961459] clocksource: jiffies: mask: 0xffffffff max_cycles: 0xffffffff, max_idle_ns: 7645041785100000 ns
[    1.964110] futex hash table entries: 512 (order: 3, 32768 bytes)
[    1.965979] pinctrl core: initialized pinctrl subsystem
[    1.967733] RTC time: 11:09:19, date: 01/08/20
[    1.969670] NET: Registered protocol family 16
[    1.987633] cpuidle: using governor ladder
[    2.000086] cpuidle: using governor menu
[    2.001695] PCCT header not found.
[    2.003250] ACPI: bus type PCI registered
[    2.004758] acpiphp: ACPI Hot Plug PCI Controller Driver version: 0.5
[    2.007028] PCI: Using configuration type 1 for base access
[    2.029175] ACPI: Added _OSI(Module Device)
[    2.030565] ACPI: Added _OSI(Processor Device)
[    2.031854] ACPI: Added _OSI(3.0 _SCP Extensions)
[    2.033216] ACPI: Added _OSI(Processor Aggregator Device)
[    2.035578] ACPI: Executed 1 blocks of module-level executable AML code
[    2.040213] ACPI: Interpreter enabled
[    2.041584] ACPI: (supports S0 S5)
[    2.042783] ACPI: Using IOAPIC for interrupt routing
[    2.044516] PCI: Using host bridge windows from ACPI; if necessary, use "pci=nocrs" and report a bug
[    2.064333] ACPI: PCI Root Bridge [PCI0] (domain 0000 [bus 00-ff])
[    2.078800] acpi PNP0A03:00: _OSC: OS supports [ASPM ClockPM Segments MSI]
[    2.086570] acpi PNP0A03:00: _OSC: not requesting OS control; OS requires [ExtendedConfig ASPM ClockPM MSI]
[    2.104598] acpi PNP0A03:00: fail to add MMCONFIG information, can't access extended PCI configuration space under this bridge.
[    2.107414] PCI host bridge to bus 0000:00
[    2.108406] pci_bus 0000:00: root bus resource [io  0x0000-0x0cf7 window]
[    2.109851] pci_bus 0000:00: root bus resource [io  0x0d00-0xffff window]
[    2.111326] pci_bus 0000:00: root bus resource [mem 0x000a0000-0x000bffff window]
[    2.113186] pci_bus 0000:00: root bus resource [mem 0x40000000-0xfdffffff window]
[    2.115009] pci_bus 0000:00: root bus resource [bus 00-ff]
[    2.118127] pci 0000:00:01.1: legacy IDE quirk: reg 0x10: [io  0x01f0-0x01f7]
[    2.119582] pci 0000:00:01.1: legacy IDE quirk: reg 0x14: [io  0x03f6]
[    2.120969] pci 0000:00:01.1: legacy IDE quirk: reg 0x18: [io  0x0170-0x0177]
[    2.135134] pci 0000:00:01.1: legacy IDE quirk: reg 0x1c: [io  0x0376]
[    2.156338] pci 0000:00:07.0: quirk: [io  0x4000-0x403f] claimed by PIIX4 ACPI
[    2.170964] pci 0000:00:07.0: quirk: [io  0x4100-0x410f] claimed by PIIX4 SMB
[    2.198146] ACPI: PCI Interrupt Link [LNKA] (IRQs 5 9 10 *11)
[    2.217538] ACPI: PCI Interrupt Link [LNKB] (IRQs 5 9 *10 11)
[    2.219290] ACPI: PCI Interrupt Link [LNKC] (IRQs 5 *9 10 11)
[    2.221022] ACPI: PCI Interrupt Link [LNKD] (IRQs 5 9 10 *11)
[    2.222785] ACPI: Enabled 2 GPEs in block 00 to 07
[    2.224393] vgaarb: setting as boot device: PCI:0000:00:02.0
[    2.232096] vgaarb: device added: PCI:0000:00:02.0,decodes=io+mem,owns=io+mem,locks=none
[    2.241088] vgaarb: loaded
[    2.242029] vgaarb: bridge control possible 0000:00:02.0
[    2.243443] SCSI subsystem initialized
[    2.244517] ACPI: bus type USB registered
[    2.245526] usbcore: registered new interface driver usbfs
[    2.246744] usbcore: registered new interface driver hub
[    2.248060] usbcore: registered new device driver usb
[    2.263018] PCI: Using ACPI for IRQ routing
[    2.265934] NetLabel: Initializing
[    2.273376] NetLabel:  domain hash size = 128
[    2.281331] NetLabel:  protocols = UNLABELED CIPSOv4
[    2.291964] NetLabel:  unlabeled traffic allowed by default
[    2.299433] amd_nb: Cannot enumerate AMD northbridges
[    2.306893] clocksource: Switched to clocksource kvm-clock
[    2.325604] AppArmor: AppArmor Filesystem Enabled
[  2.333247] pnp: PnP ACPI init
[    2.383436] pnp: PnP ACPI: found 3 devices

[  2942] clocksource: acpi_pm: mask: 0xffffff max_cycles: 0xffffff, max_lens207024s   2.68] T: Registered protocol family 2

[    3.069771] TCP established hash table entries: 8192 (order: 4, 65536 bytes)
[    3.071874] TCP bind hash table entries: 8192 (order: 5, 131072 bytes)
[    3.073945] TCP: Hash tables configured (established 8192 bind 8192)
[    3.076195] UDP hash table entries: 512 (order: 2, 16384 bytes)
[    3.078360] UDP-Lite hash table entries: 512 (order: 2, 16384 bytes)
[    3.080521] NET: Registered protocol family 1
[    3.082056] pci 0000:00:00.0: Limiting direct PCI/PCI transfers
[    3.084049] pci 0000:00:01.0: Activating ISA DMA hang workarounds
[    3.086178] Unpacking initramfs...
[    3.325351] Freeing initrd memory: 14824K
[    3.377670] clocksource: tsc: mask: 0xffffffffffffffff max_cycles: 0x29dc079b5d9, max_idle_ns: 440795223751 ns
[    3.459274] platform rtc_cmos: registered platform RTC device (no PNP device found)
[    3.461243] Scanning for low memory corruption every 60 seconds
[    3.472227] audit: initializing netlink subsys (disabled)
[    3.509131] audit: type=2000 audit(1578481764.794:1): initialized
[    3.541781] Initialise system trusted keyring
[    3.543304] HugeTLB registered 2 MB page size, pre-allocated 0 pages
[    3.547783] zbud: loaded
[    3.551200] VFS: Disk quotas dquot_6.6.0
[    3.558116] VFS: Dquot-cache hash table entries: 512 (order 0, 4096 bytes)
[    3.559898] squashfs: version 4.0 (2009/01/31) Phillip Lougher
[    3.561520] fuse init (API version 7.23)
[    3.562650] Key type big_key registered
[    3.563657] Allocating IMA MOK and blacklist keyrings.
[    3.566543] Key type asymmetric registered
[    3.567643] Asymmetric key parser 'x509' registered
[    3.568846] Block layer SCSI generic (bsg) driver version 0.4 loaded (major 249)
[    3.570816] io scheduler noop registered
[    3.571857] io scheduler deadline registered (default)
[    3.573097] io scheduler cfq registered
[    3.574246] pci_hotplug: PCI Hot Plug PCI Core version: 0.5
[    3.575591] pciehp: PCI Express Hot Plug Controller Driver version: 0.4
[    3.577142] ACPI: AC Adapter [AC] (on-line)
[    3.584945] input: Power Button as /devices/LNXSYSTM:00/LNXPWRBN:00/input/input0
[    3.586814] ACPI: Power Button [PWRF]
[    3.587946] input: Sleep Button as /devices/LNXSYSTM:00/LNXSLPBN:00/input/input1
[    3.589776] ACPI: Sleep Button [SLPF]
[    3.591596] ACPI: Battery Slot [BAT0] (battery present)
[    3.599360] GHES: HEST is not enabled!
[    3.600503] Serial: 8250/16550 driver, 32 ports, IRQ sharing enabled
[    3.660617] 00:02: ttyS0 at I/O 0x3f8 (irq = 4, base_baud = 115200) is a 16550A
[    3.678002] Linux agpgart interface v0.103
[    3.680979] loop: module loaded
[    3.684105] scsi host0: ata_piix
[    3.685256] scsi host1: ata_piix
[    3.686144] ata1: PATA max UDMA/33 cmd 0x1f0 ctl 0x3f6 bmdma 0xd000 irq 14
[    3.687598] ata2: PATA max UDMA/33 cmd 0x170 ctl 0x376 bmdma 0xd008 irq 15
[    3.689398] libphy: Fixed MDIO Bus: probed
[    3.690483] tun: Universal TUN/TAP device driver, 1.6
[    3.691750] tun: (C) 1999-2004 Max Krasnyansky <maxk@qualcomm.com>
[    3.693106] PPP generic driver version 2.4.2
[    3.694238] ehci_hcd: USB 2.0 'Enhanced' Host Controller (EHCI) Driver
[    3.695673] ehci-pci: EHCI PCI platform driver
[    3.696746] ehci-platform: EHCI generic platform driver
[    3.697906] ohci_hcd: USB 1.1 'Open' Host Controller (OHCI) Driver
[    3.699290] ohci-pci: OHCI PCI platform driver
[    3.700379] ohci-platform: OHCI generic platform driver
[    3.701521] uhci_hcd: USB Universal Host Controller Interface driver
[    3.702909] i8042: PNP: PS/2 Controller [PNP0303:PS2K,PNP0f03:PS2M] at 0x60,0x64 irq 1,12
[    3.705523] serio: i8042 KBD port at 0x60,0x64 irq 1
[    3.706829] serio: i8042 AUX port at 0x60,0x64 irq 12
[    3.708121] mousedev: PS/2 mouse device common for all mice
[    3.709830] rtc_cmos rtc_cmos: rtc core: registered rtc_cmos as rtc0
[    3.711299] input: AT Translated Set 2 keyboard as /devices/platform/i8042/serio0/input/input2
[    3.713415] rtc_cmos rtc_cmos: alarms up to one day, 114 bytes nvram
[    3.714794] i2c /dev entries driver
[    3.715753] device-mapper: uevent: version 1.0.3
[    3.716903] device-mapper: ioctl: 4.34.0-ioctl (2015-10-28) initialised: dm-devel@redhat.com
[    3.718858] ledtrig-cpu: registered to indicate activity on CPUs
[    3.720764] NET: Registered protocol family 10
[    3.722122] NET: Registered protocol family 17
[    3.723165] Key type dns_resolver registered
[    3.724408] registered taskstats version 1
[    3.725414] Loading compiled-in X.509 certificates
[    3.726962] Loaded X.509 cert 'Build time autogenerated kernel key: 3e01e6df98386236d59670e6b2ed19a044d5324e'
[    3.729182] zswap: loaded using pool lzo/zbud
[    3.732418] Key type trusted registered
[    3.737853] Key type encrypted registered
[    3.738918] AppArmor: AppArmor sha1 policy hashing enabled
[    3.740152] ima: No TPM chip found, activating TPM-bypass!
[    3.741408] ima: Allocated hash algorithm: sha1
[    3.742452] evm: HMAC attrs: 0x1
[    3.743788]   Magic number: 4:351:175
[    3.744716] misc network_throughput: hash matches
[    3.745889] rtc_cmos rtc_cmos: setting system clock to 2020-01-08 11:09:21 UTC (1578481761)
[    3.747940] BIOS EDD facility v0.16 2004-Jun-25, 0 devices found
[    3.749353] EDD information not available.
[    3.847414] Freeing unused kernel memory: 1484K
[    3.882508] Write protecting the kernel read-only data: 14336k
[    3.897894] Freeing unused kernel memory: 1612K
[    3.972412] Freeing unused kernel memory: 64K
Loading, please [    3.987823] random: systemd-udevd: uninitialized urandom read (16 bytes read, 3 bits of entropy available)
wait...
starting version 229
[    3.988416] random: udevadm: uninitialized urandom read (16 bytes read, 3 bits of entropy available)
[    3.988434] random: udevadm: uninitialized urandom read (16 bytes read, 3 bits of entropy available)
[    3.997812] random: udevadm: uninitialized urandom read (16 bytes read, 3 bits of entropy available)
[    3.997886] random: udevadm: uninitialized urandom read (16 bytes read, 3 bits of entropy available)
[    3.998036] random: udevadm: uninitialized urandom read (16 bytes read, 3 bits of entropy available)
[    3.998081] random: udevadm: uninitialized urandom read (16 bytes read, 3 bits of entropy available)
[    3.998127] random: udevadm: uninitialized urandom read (16 bytes read, 3 bits of entropy available)
[    3.998173] random: udevadm: uninitialized urandom read (16 bytes read, 3 bits of entropy available)
[    3.998828] random: udevadm: uninitialized urandom read (16 bytes read, 3 bits of entropy available)
[    4.210936] e1000: Intel(R) PRO/1000 Network Driver - version 7.3.21-k8-NAPI
[    4.225695] e1000: Copyright (c) 1999-2006 Intel Corporation.
[    4.252936] Fusion MPT base driver 3.04.20
[    4.260639] Copyright (c) 1999-2008 LSI Corporation
[    4.264331] AVX2 version of gcm_enc/dec engaged.
[    4.265933] AES CTR mode by8 optimization enabled
[    4.270740] Fusion MPT SPI Host driver 3.04.20
[    4.444313] input: ImExPS/2 Generic Explorer Mouse as /devices/platform/i8042/serio1/input/input4
[    4.620936] e1000 0000:00:03.0 eth0: (PCI:33MHz:32-bit) 02:c2:66:bb:16:6d
[    4.733631] e1000 0000:00:03.0 eth0: Intel(R) PRO/1000 Network Connection
[    4.776429] mptbase: ioc0: Initiating bringup
[    4.855916] ioc0: LSI53C1030 A0: Capabilities={Initiator}
[    5.064078] scsi host2: ioc0: LSI53C1030 A0, FwRev=00000000h, Ports=1, MaxQ=256, IRQ=20
[    5.217692] scsi 2:0:0:0: Direct-Access     VBOX     HARDDISK         1.0  PQ: 0 ANSI: 5
[    5.254263] scsi target2:0:0: Beginning Domain Validation
[    5.264440] scsi target2:0:0: Domain Validation skipping write tests
[    5.268556] scsi target2:0:0: Ending Domain Validation
[    5.272065] scsi target2:0:0: asynchronous
[    5.283145] scsi 2:0:1:0: Direct-Access     VBOX     HARDDISK         1.0  PQ: 0 ANSI: 5
[    5.286800] scsi target2:0:1: Beginning Domain Validation
[    5.290000] scsi target2:0:1: Domain Validation skipping write tests
[    5.292429] scsi target2:0:1: Ending Domain Validation
[    5.310074] scsi target2:0:1: asynchronous
[    5.328262] sd 2:0:0:0: Attached scsi generic sg0 type 0
[    5.331171] sd 2:0:0:0: [sda] 20971520 512-byte logical blocks: (10.7 GB/10.0 GiB)
[    5.355539] sd 2:0:1:0: [sdb] 20480 512-byte logical blocks: (10.5 MB/10.0 MiB)
[    5.359539] sd 2:0:1:0: Attached scsi generic sg1 type 0
[    5.366603] sd 2:0:1:0: [sdb] Write Protect is off
[    5.368185] sd 2:0:1:0: [sdb] Incomplete mode parameter data
[    5.369720] sd 2:0:1:0: [sdb] Assuming drive cache: write through
[    5.371789] sd 2:0:0:0: [sda] Write Protect is off
[    5.373182] sd 2:0:0:0: [sda] Incomplete mode parameter data
[    5.374647] sd 2:0:0:0: [sda] Assuming drive cache: write through
[    5.381637]  sda: sda1
[    5.383247] sd 2:0:0:0: [sda] Attached SCSI disk
[    5.385004] sd 2:0:1:0: [sdb] Attached SCSI disk
[    5.626635] e1000 0000:00:08.0 eth1: (PCI:33MHz:32-bit) 08:00:27:53:bb:3b
[    5.670741] e1000 0000:00:08.0 eth1: Intel(R) PRO/1000 Network Connection
[    5.706113] e1000 0000:00:03.0 enp0s3: renamed from eth0
[    5.735699] e1000 0000:00:08.0 enp0s8: renamed from eth1
Begin: Loading e[    7.450807] md: linear personality registered for level -1
ssential drivers[    7.501214] md: multipath personality registered for level -4
 ... [    7.535927] md: raid0 personality registered for level 0
[    7.542107] md: raid1 personality registered for level 1
[    7.614975] raid6: sse2x1   gen() 10574 MB/s
[    7.683366] raid6: sse2x1   xor()  8828 MB/s
[    7.811215] raid6: sse2x2   gen() 14225 MB/s
[    7.947297] raid6: sse2x2   xor() 10070 MB/s
[    8.066967] raid6: sse2x4   gen() 15971 MB/s
[    8.179669] raid6: sse2x4   xor() 10329 MB/s
[    8.323143] raid6: avx2x1   gen() 21429 MB/s
[    8.447051] raid6: avx2x2   gen() 25473 MB/s
[    8.575021] raid6: avx2x4   gen() 21932 MB/s
[    8.576573] raid6: using algorithm avx2x2 gen() 25473 MB/s
[    8.584324] raid6: using avx2x2 recovery algorithm
[    8.596965] xor: automatically using best checksumming function:
[    8.643098]    avx       : 20292.000 MB/sec
[    8.646056] async_tx: api initialized (async)
[    8.677543] md: raid6 personality registered for level 6
[    8.682123] md: raid5 personality registered for level 5
[    8.691359] md: raid4 personality registered for level 4
[    8.701179] md: raid10 personality registered for level 10
done.
Begin: Running /scripts/init-premount ... done.
Begin: Mounting root file system ... Begin: Running /scripts/local-top ... done.
Begin: Running /scripts/local-premount ... [    8.738332] Btrfs loaded
Scanning for Btrfs filesystems
done.
Warning: fsck not present, so skipping root file system
[    8.858726] EXT4-fs (sda1): mounted filesystem with ordered data mode. Opts: (null)
done.
Begin: Running /scripts/local-bottom ... done.
Begin: Running /scripts/init-bottom ... done.
[    9.516060] systemd[1]: systemd 229 running in system mode. (+PAM +AUDIT +SELINUX +IMA +APPARMOR +SMACK +SYSVINIT +UTMP +LIBCRYPTSETUP +GCRYPT +GNUTLS +ACL +XZ -LZ4 +SECCOMP +BLKID +ELFUTILS +KMOD -IDN)
[    9.659010] systemd[1]: Detected virtualization oracle.
[    9.678744] systemd[1]: Detected architecture x86-64.

Welcome to [1mUbuntu 16.04.6 LTS[0m!

[    9.710403] systemd[1]: Set hostname to <ubuntu>.
[    9.718782] systemd[1]: Initializing machine ID from random generator.
[    9.721010] systemd[1]: Installed transient /etc/machine-id file.
[    9.885091] systemd[1]: Listening on Syslog Socket.
[[0;32m  OK  [0m] Listening on Syslog Socket.
[    9.897740] systemd[1]: Listening on LVM2 metadata daemon socket.
[[0;32m  OK  [0m] Listening on LVM2 metadata daemon socket.
[    9.966915] systemd[1]: Listening on LVM2 poll daemon socket.
[[0;32m  OK  [0m] Listening on LVM2 poll daemon socket.
[   10.045111] systemd[1]: Created slice System Slice.
[[0;32m  OK  [0m] Created slice System Slice.
[   10.082116] systemd[1]: Created slice system-serial\x2dgetty.slice.
[[0;32m  OK  [0m] Created slice system-serial\x2dgetty.slice.
[   10.119705] systemd[1]: Reached target Swap.
[[0;32m  OK  [0m] Reached target Swap.
[   10.171452] systemd[1]: Listening on udev Control Socket.
[[0;32m  OK  [0m] Listening on udev Control Socket.
[   10.280307] systemd[1]: Started Forward Password Requests to Wall Directory Watch.
[[0;32m  OK  [0m] Started Forward Password Requests to Wall Directory Watch.
[   10.399609] systemd[1]: Listening on Journal Socket (/dev/log).
[[0;32m  OK  [[   10.437010] random: nonblocking pool is initialized
0m] Listening on Journal Socket (/dev/log).
[   10.571372] systemd[1]: Reached target User and Group Name Lookups.
[[0;32m  OK  [0m] Reached target User and Group Name Lookups.
[   10.733427] systemd[1]: Created slice User and Session Slice.
[[0;32m  OK  [0m] Created slice User and Session Slice.
[   10.831457] systemd[1]: Reached target Slices.
[[0;32m  OK  [0m] Reached target Slices.
[   10.851482] systemd[1]: Listening on Journal Audit Socket.
[[0;32m  OK  [0m] Listening on Journal Audit Socket.
[   10.855565] systemd[1]: Listening on Journal Socket.
[[0;32m  OK  [0m] Listening on Journal Socket.
[   10.871719] systemd[1]: Starting Set console keymap...
         Starting Set console keymap...
[   10.883281] systemd[1]: Mounting Huge Pages File System...
         Mounting Huge Pages File System...
[   10.891634] systemd[1]: Starting Journal Service...
         Starting Journal Service...
[   10.940030] systemd[1]: Starting Remount Root and Kernel File Systems...
         Starting Remount Root and Kernel File Systems...
[   10.944612] systemd[1]: Starting Uncomplicated firewall...
[   10.949455] EXT4-fs (sda1): re-mounted. Opts: (null)
         Starting Uncomplicated firewall...
[   10.953076] systemd[1]: Starting Create list of required static device nodes for the current kernel...
         Starting Create list of required st... nodes for the current kernel...
[   10.995310] systemd[1]: Mounting POSIX Message Queue File System...
         Mounting POSIX Message Queue File System...
[   10.999970] systemd[1]: Listening on /dev/initctl Compatibility Named Pipe.
[[0;32m  OK  [0m] Listening on /dev/initctl Compatibility Named Pipe.
[ 11832]systemd[1]: Reached target System Time Synchronized.
[[0;32m  OK  [0m] Reached target System Time Synchronized.
[   11.300313] systemd[1]: Started Trigger resolvconf update for networkd DNS.
[[0;32m  OK  [0m] Started Trigger resolvconf update for networkd DNS.
[   11.311983] systemd[1]: Listening on udev Kernel Socket.
[[0;32m  OK  [0m] Listening on udev Kernel Socket.
[   11.342990] systemd[1]: Mounting Debug File System...
         Mounting Debug File System...
[   11.346544] systemd[1]: Reached target Encrypted Volumes.
[[0;32m  OK  [0m] Reached target Encrypted Volumes.
[   11.388035] systemd[1]: Starting Load Kernel Modules...
         Starting Load Kernel Modules...
[   11.396471] systemd[1]: Starting Nameserver information manager...
         Starting Nameserver information manager...
[   11.402048] systemd[1]: Listening on Device-mapper event daemon FIFOs.
[   11.404327] Loading iSCSI transport class v2.0-870.
[[0;32m  OK  [0m] Listening on Device-mapper event daemon FIFOs.
[   11.408969] systemd[1]: Starting Monitoring of LVM2 mirrors, snapshots etc. using dmeventd or progress polling...
         Starting Monitoring of LVM2 mirrors... dmeventd or progress polling...
[   11.419240] systemd[1]: Set up automount Arbitrary Executable File Formats File System Automount Point.
[[0;32m  OK  [0[   11.427654] iscsi: registered transport (tcp)
m] Set up automount Arbitrary Executab...ats File System Automount Point.
[   11.452689] systemd[1]: Mounted Huge Pages File System.
[[0;32m  OK  [0m] Mounted Huge Pages File System.
[   11.457945] systemd[1]: Mounted Debug File System.
[[0;32m  OK  [0m] Mounted Debug File System.
[   11.460886] systemd[1]: Mounted POSIX Message Queue File System.
[[0;32m  OK  [0m] Mounted POSIX Message Queue File System.
[   11.468555] systemd[1]: Started Journal Service.
[[0;32m  OK  [0m] Started Journal Service.
[[0;32m  OK  [0m] Started Set console keymap.
[[0;32m  OK  [0m] Started Remount Root and Kernel File Systems.
[[0;32m  OK  [0m] Started Uncomplicated firewall.
[[0;32m  OK  [0m] Started Create list of required sta...ce nodes for the current kernel.
[[0;32m  OK  [0m] Started Nameserver information manager.
[   11.504582] iscsi: registered transport (iser)
[[0;32m  OK  [0m] Started Load Kernel Modules.
         Mounting FUSE Control File System...
         Starting Apply Kernel Variables...
[[0;32m  OK  [0m] Started LVM2 metadata daemon.
         Starting Create Static Device Nodes in /dev...
         Starting Load/Save Random Seed...
         Starting udev Coldplug all Devices...
         Starting Flush Journal to Persistent Storage...
[[0;32m  OK  [0m] Mounted FUSE Control File System.
[[0;32m  OK  [0m] Started Apply Kernel Variables.
[[0;32m  OK  [0m] Started Create Static Device Nodes in /dev.
[[0;32m  OK  [0m] Started Load/Save Random Seed.
[[0;32m  OK  [0m] Started udev Coldplug all Devices.
         Starting udev Kernel Device Manager...
[[0;32m  OK  [0m] Started Flush Journal to Persistent Storage.
[[0;32m  OK  [0m] Started udev Kernel Device Manager.
[[0;32m  OK  [0m] Started Dispatch Password Requests to Console Directory Watch.
[[0;32m  OK  [0m] Found device /dev/ttyS0.
[[0;32m  OK  [0m] Listening on Load/Save RF Kill Switch Status /dev/rfkill Watch.
[[0;32m  OK  [0m] Started Monitoring of LVM2 mirrors,...ng dmeventd or progress polling.
[[0;32m  OK  [0m] Reached target Local File Systems (Pre).
[[0;32m  OK  [0m] Reached target Local File Systems.
         Starting Set console font and keymap...
         Starting Initial cloud-init job (pre-networking)...
         Starting Create Volatile Files and Directories...
         Starting LSB: AppArmor initialization...
         Starting Tell Plymouth To Write Out Runtime Data...
         Starting Commit a transient machine-id on disk...
[[0;32m  OK  [0m] Started Create Volatile Files and Directories.
[[0;32m  OK  [0m] Started Tell Plymouth To Write Out Runtime Data.
         Starting Update UTMP about System Boot/Shutdown...
[[0;32m  OK  [0m] Started Commit a transient machine-id on disk.
[[0;32m  OK  [0m] Started Update UTMP about System Boot/Shutdown.
[[0;32m  OK  [0m] Started Set console font and keymap.
[[0;32m  OK  [0m] Created slice system-getty.slice.
[   12.214057] cloud-init[628]: Cloud-init v. 19.1-1-gbaa47854-0ubuntu1~16.04.1 running 'init-local' at Wed, 08 Jan 2020 11:09:31 +0000. Up 11.68 seconds.
[[0;32m  OK  [0m] Started Initial cloud-init job (pre-networking).
[[0;32m  OK  [0m] Reached target Network (Pre).
[[0;32m  OK  [0m] Started LSB: AppArmor initialization.
         Starting Raise network interfaces...
[[0;32m  OK  [0m] Started Raise network interfaces.
[[0;32m  OK  [0m] Reached target Network.
         Starting Initial cloud-init job (metadata service crawler)...
[   14.213485] cloud-init[963]: Cloud-init v. 19.1-1-gbaa47854-0ubuntu1~16.04.1 running 'init' at Wed, 08 Jan 2020 11:09:33 +0000. Up 13.53 seconds.
[   14.373445] [[0;32m  OK  [0m] Started Initial cloud-init job (metadata service crawler).
cloud-init[963]: ci-info: ++++++++++++++++++++++++++++++++++++++Net device info+++++++++++++++++++++++++++++++++++++++
[   14.410085] [[0;32m  OK  [0m] Reached target Network is Online.
cloud-init[963]: ci-info: +--------+-------+----------------------------+---------------+--------+-------------------+
[   14.460897]          Starting iSCSI initiator daemon (iscsid)...
[[0;32m  OK  [0m] Reached target Cloud-config availability.
[[0;32m  OK  [0m] Reached target System Initialization.
[[0;32m  OK  [0m] Started Daily Cleanup of Temporary Directories.
cloud-init[963]: ci-info: | Device |   Up  |          Address           |      Mask     | Scope  |     Hw-Address    |
[   14.474866]          cloud-initStarting LXD - unix socket.[963]: 
ci-info: +--------+-------+----------------------------+---------------+--------+-------------------+
[   14.569701] cloud-init[[0;32m  OK  [0m] Started Daily apt download activities.
[963]: ci-info: | enp0s3 |  True |         10.0.2.15          | 255.255.255.0 | global | 02:c2:66:bb:16:6d |
[[0;32m  OK  [0m] Started ACPI Events Check.
[   14.663082] [[0;32m  OK  [0m] Reached target Paths.
         Starting Socket activation for snappy daemon.
[[0;32m  OK  [0m] Started Daily apt upgrade and clean activities.
[[0;32m  OK  [0m] Listening on UUID daemon activation socket.
[[0;32m  OK  [0m] Listening on ACPID Listen Socket.
[[0;32m  OK  [0m] Listening on D-Bus System Message Bus Socket.
[[0;32m  OK  [0m] Reached target Timers.
cloud-init[963]: ci-info: | enp0s3 |  True | fe80::c2:66ff:febb:166d/64 |       .       |  link  | 02:c2:66:bb:16:6d |
[   14.840674] cloud-init[963]: ci-info: | enp0s8 | False |             .              |       .       |   .    | 08:00:27:53:bb:3b |
[   14.842096] cloud-init[963]: ci-info: |   lo   |  True |         127.0.0.1          |   255.0.0.0   |  host  |         .         |
[   14.842275] cloud-init[963]: ci-info: |   lo   |  True |          ::1/128           |       .       |  host  |         .         |
[   14.842417] cloud-init[963]: ci-info: +--------+-------+----------------------------+---------------+--------+-------------------+
[   14.842573] cloud-init[963]: ci-info: +++++++++++++++++++++++++++Route IPv4 info++++++++++++++++++++++++++++
[   14.842716] cloud-init[963]: ci-info: +-------+-------------+----------+---------------+-----------+-------+
[   14.842855] cloud-init[963]: ci-info: | Route | Destination | Gateway  |    Genmask    | Interface | Flags |
[   14.842993] cloud-init[963]: ci-info: +-------+-------------+----------+---------------+-----------+-------+
[   14.843233] cloud-init[963]: ci-info: |   0   |   0.0.0.0   | 10.0.2.2 |    0.0.0.0    |   enp0s3  |   UG  |
[   14.843378] cloud-init[963]: ci-info: |   1   |   10.0.2.0  | 0.0.0.0  | 255.255.255.0 |   enp0s3  |   U   |
[   14.843516] cloud-init[963]: ci-info: +-------+-------------+----------+---------------+-----------+-------+
[   14.843651] cloud-init[963]: ci-info: +++++++++++++++++++Route IPv6 info+++++++++++++++++++
[   14.843787] cloud-init[963]: ci-info: +-------+-------------+---------+-----------+-------+
[   14.843931] cloud-init[963]: ci-info: | Route | Destination | Gateway | Interface | Flags |
[[0;32m  OK  [0m] Listening on LXD - unix socket.
[[0;32m  OK  [0m] Listening on Socket activation for snappy daemon.
[   14.844574] cloud-init[963]: ci-info: +-------+-------------+---------+-----------+-------+
[   15.560804] cloud-init[963]: ci-info: |   0   |  fe80::/64  |    ::   |   enp0s3  |   U   |[[0;32m  OK  [0m] Started iSCSI initiator daemon (iscsid).

[   15.572756] cloud-init[963]: ci-info: |   3   |   ff00::/8  |    ::   |   enp0s3  |   U   |
[   15.580578] cloud-init[963]: ci-info: +-------+-------------+---------+-----------+-------+
[   15.591466] cloud-init[963]: Generating public/private rsa key pair.
[   15.594277] cloud-init[963]: Your identification has been saved in /etc/ssh/ssh_host_rsa_key.
[   15.598417] cloud-init[963]: Your public key has been saved in /etc/ssh/ssh_host_rsa_key.pub.
[   15.601693] cloud-init[963]: The key fingerprint is:
[   15.604168] cloud-init[963]: SHA256:UUCVSJfjybdlKkHRL76r7f+ftnPdDfc1OsGc8wDxHME root@ubuntu-xenial
[   15.607499]          Starting Login to default iSCSI targets...
[[0;32m  OK  [0m] Reached target Sockets.
[[0;32m  OK  [0mcloud-init[963]: The key's randomart image is:
[   15.613558] cloud-init[963]: +---[RSA 2048]----+
[   15.615162] cloud-init[963]: ] Reached target Basic System.
[[0;32m  OK  [0m] Started Deferred execution scheduler.
|       o++==...  |
[   15.631368]          Starting Pollinate to seed the pseudo random number generator...
cloud-init[963]: |        .o=..E   |
[   15.636272] cloud-init[963]: |        .+ o+..  |
[   15.638308] cloud-init[963]: |         .=.oo+  |
[   15.640440] cloud-init[963]: |        S  ++*.  |
[   15.642644] cloud-init[963]: |          . +B..o|
[   15.647948] [[0;32m  OK  [0m] Started Regular background program processing daemon.
         Starting /etc/rc.local Compatibility...
cloud-init         Starting Virtualbox guest utils...
[963]: |           . .*oB|[[0;32m  OK  [0m] Started D-Bus System Message Bus.

[   15.654201] cloud-init[963]: |           ..o +B|
[   15.665811] cloud-init[963]: |          .o+o++B|
[   15.685970]          Starting Accounts Service...
cloud-init[963]: +----[SHA256]-----+         Starting Login Service...

         Starting System Logging Service...
[   15.688933] [[0;32m  OK  [0m] Started FUSE filesystem for LXC.
cloud-init[963]: Generating public/private dsa key pair.
[   15.693887]          Starting Snappy daemon...
cloud-init[963]: Your identification has been saved in /etc/ssh/ssh_host_dsa_key.
         Starting LSB: MD monitoring daemon...
         Starting LSB: Record successful boot for GRUB...
[   15.705277] [[0;32m  OK  [0m] Started ACPI event daemon.
         Starting LXD - container startup/shutdown...
[[0;32m  OK  [0m] Started System Logging Service.
[[0;32m  OK  [0m] Started /etc/rc.local Compatibility.
cloud-init[963]: Your public key has been saved in /etc/ssh/ssh_host_dsa_key.pub.
[   15.742457] cloud-init[963]: The key fingerprint is:
[   15.744777] cloud-init[963]: SHA256:drJYeBsB8qUVsaElz1eGp+nHprhtrTCNhTC6OYkHpp0 root@ubuntu-xenial
[   15.749394] cloud-init[963]: The key's randomart image is:
[   15.802157] cloud-init[963]: +---[DSA 1024]----+
[   15.802534] cloud-init[963]: |    . o Bo .o    |
[   15.803037] cloud-init[963]: |     o @ o.o.    |
[   15.803251] cloud-init[963]: |      * = .+     |
[   15.803475] cloud-init[963]: |     . + +o      |
[   15.803984] cloud-init[963]: |  o . . S.o.     |
[   15.804463] cloud-init[963]: | + + + = X. +    |
[   15.804857] cloud-init[963]: |. E * . *..=     |
[[0;32m  OK  [0m] Started Login to default iSCSI targets.
[   15.805121] cloud-init[963]: |   . .  .+o .    |
[   15.837679] cloud-init[963]: |        .oo.     |
[   15.839404] cloud-init[963]: +----[SHA256]-----+
[   15.842619] cloud-init[963]: Generating public/private ecdsa key pair.
[   15.844655] cloud-init[963]: Your identification has been saved in /etc/ssh/ssh_host_ecdsa_key.
[   15.848186] cloud-init[963]: Your public key has been saved in /etc/ssh/ssh_host_ecdsa_key.pub.
[   15.850774] cloud-init[963]: The key fingerprint is:
[   15.862865] cloud-init[963]: SHA256:ylpTBudxce0mh3UNVsyy4HM+SYwfiWffk6RTv61REDw root@ubuntu-xenial
[   15.870462] cloud-init[963]: The key's randomart image is:
[   15.874239] cloud-init[963]: +---[ECDSA 256]---+
[   15.877241] cloud-init[963]: |          . .o+=o|
[   15.885438] cloud-init[963]: |           o..E.=|
[   15.913806] cloud-init[963]: |      . o .. O.* |
[   15.928957] cloud-init[963]: |       + o  B &+ |
[   15.944477] cloud-init[963]: |        S    %++=|
[   15.946002] cloud-init[963]: |     . +     o=++|
[   15.947538] cloud-init[963]: |      =       o.+|
[   15.947910] cloud-init[963]: |     o .       o.|
[   15.948416] cloud-init[963]: |    .         .. |
[   15.948817] cloud-init[963]: +----[SHA256]-----+
[   15.949243] cloud-init[963]: Generating public/private ed25519 key pair.
[[0;32m  OK  [0m] Started LXD - container startup/shutdown.
[   15.950257] cloud-init[963]: Your identification has been saved in /etc/ssh/ssh_host_ed25519_key.
[   15.969866] cloud-init[963]: Your public key has been saved in /etc/ssh/ssh_host_ed25519_key.pub.
[   15.970323] cloud-init[963]: The key fingerprint is:
[   15.970549] cloud-init[963]: SHA256:lSH0928Hu8JmoWwFWXio88q0EhfgE1dJHI6ql2lDNQI root@ubuntu-xenial
[   15.971006] cloud-init[963]: The key's randomart image is:
[   15.971406] cloud-init[963]: +--[ED25519 256]--+
[   15.971649] cloud-init[963]: |    E  .o+==     |
[   15.971860] cloud-init[963]: |     .o .==oo    |
[[0;32m  OK  [0m] Started LSB: MD monitoring daemon.
[   15.973296] cloud-init[963]: |     ..++.=+.    |
[   15.996623] cloud-init[963]: |      o++oo. .   |
[   15.997128] cloud-init[963]: |      o.S+ .  o  |
[[0;32m  OK  [0m] Started Pollinate to seed the pseudo random number generator.
[[0;32m  OK  [0m[   15.997250] cloud-init[963]: |     o.oo . o  + |
[   16.012073] cloud-init[963]: |    . *= + + .. +|
[   16.012429] cloud-init[963]: |     o..+ + =  o.|
[   16.012877] cloud-init[963]: |       . . o ..  |
[   16.013284] cloud-init[963]: +----[SHA256]-----+
] Started Virtualbox guest utils.
[[0;32m  OK  [0m] Started LSB: Record successful boot for GRUB.
[[0;32m  OK  [0m] Started Login Service.
[[0;32m  OK  [0m] Started Unattended Upgrades Shutdown.
         Starting Authenticate and Authorize Users to Run Privileged Tasks...
         Starting OpenBSD Secure Shell server...
[[0;32m  OK  [0m] Reached target Remote File Systems (Pre).
[[0;32m  OK  [0m] Reached target Remote File Systems.
         Starting Permit User Sessions...
         Starting LSB: Set the CPU Frequency Scaling governor to "ondemand"...
         Starting LSB: automatic crash report generation...
         Starting LSB: daemon to balance interrupts for SMP systems...
[[0;32m  OK  [0m] Started Permit User Sessions.
[[0;32m  OK  [0m] Started Authenticate and Authorize Users to Run Privileged Tasks.
[[0;32m  OK  [0m] Started Snappy daemon.
[[0;32m  OK  [0m] Started OpenBSD Secure Shell server.
[[0;32m  OK  [0m] Started Accounts Service.
         Starting Wait until snapd is fully seeded...
         Starting Hold until boot process finishes up...
         Starting Terminate Plymouth Boot Screen...
[[0;32m  OK  [0m] Started LSB: Set the CPU Frequency Scaling governor to "ondemand".
[[0;32m  OK  [0m] Started LSB: automatic crash report generation.
[[0;32m  OK  [0m] Started LSB: daemon to balance interrupts for SMP systems.
[[0;32m  OK  [0m] Started Hold until boot process finishes up.
[[0;32m  OK  [0m] Started Terminate Plymouth Boot Screen.
[[0;32m  OK  [0m] Created slice User Slice of vagrant.
[[0;32m  OK  [0m] Started Session 1 of user vagrant.
         Starting User Manager for UID 1000...
[[0;32m  OK  [0m] Started Serial Getty on ttyS0.
         Starting Set console scheme...
[[0;32m  OK  [0m] Started Getty on tty1.
[[0;32m  OK  [0m] Reached target Login Prompts.
[[0;32m  OK  [0m] Started User Manager for UID 1000.
[[0;32m  OK  [0m] Started Set console scheme.
[[0;32m  OK  [0m] Started Wait until snapd is fully seeded.
         Starting Apply the settings specified in cloud-config...
[[0;32m  OK  [0m] Reached target Multi-User System.
[[0;32m  OK  [0m] Reached target Graphical Interface.
         Starting Update UTMP about System Runlevel Changes...
[[0;32m  OK  [0m] Started Update UTMP about System Runlevel Changes.
[   18.005793] cloud-init[1403]: Generating locales (this might take a while)...
[   19.194544] cloud-init[1403]:   en_US.UTF-8... done
[   19.196297] cloud-init[1403]: Generation complete.
[   19.568576] cloud-init[1403]: Cloud-init v. 19.1-1-gbaa47854-0ubuntu1~16.04.1 running 'modules:config' at Wed, 08 Jan 2020 11:09:37 +0000. Up 17.85 seconds.
[[0;32m  OK  [0m] Started Apply the settings specified in cloud-config.
         Starting Execute cloud user/final scripts...
ci-info: no authorized ssh keys fingerprints found for user ubuntu.
<14>Jan  8 11:09:40 ec2: 
<14>Jan  8 11:09:40 ec2: #############################################################
<14>Jan  8 11:09:40 ec2: -----BEGIN SSH HOST KEY FINGERPRINTS-----
<14>Jan  8 11:09:40 ec2: 1024 SHA256:drJYeBsB8qUVsaElz1eGp+nHprhtrTCNhTC6OYkHpp0 root@ubuntu-xenial (DSA)
<14>Jan  8 11:09:40 ec2: 256 SHA256:ylpTBudxce0mh3UNVsyy4HM+SYwfiWffk6RTv61REDw root@ubuntu-xenial (ECDSA)
<14>Jan  8 11:09:40 ec2: 256 SHA256:lSH0928Hu8JmoWwFWXio88q0EhfgE1dJHI6ql2lDNQI root@ubuntu-xenial (ED25519)
<14>Jan  8 11:09:40 ec2: 2048 SHA256:UUCVSJfjybdlKkHRL76r7f+ftnPdDfc1OsGc8wDxHME root@ubuntu-xenial (RSA)
<14>Jan  8 11:09:40 ec2: -----END SSH HOST KEY FINGERPRINTS-----
<14>Jan  8 11:09:40 ec2: #############################################################
-----BEGIN SSH HOST KEY KEYS-----
ecdsa-sha2-nistp256 AAAAE2VjZHNhLXNoYTItbmlzdHAyNTYAAAAIbmlzdHAyNTYAAABBBAn9I0bdoJVIyjGX0BIW4vKSAEyUZbbKmLJBzGUlHFrVO8wcYcwpUBb0rMm3FtYY88d0GmBvvPMQet0GPaWvezk= root@ubuntu-xenial
ssh-ed25519 AAAAC3NzaC1lZDI1NTE5AAAAIOmO0HKiqkdZ2F2/qGBF58uz9PSDStSnse5llqvchSJH root@ubuntu-xenial
ssh-rsa AAAAB3NzaC1yc2EAAAADAQABAAABAQDQFuO7snRk+231OdryQml4QGfqQ9xS7IxTVs3VB0QGogyVwzFGlZticIAi1106RV7tZ4Kurr4Yy/BadUwDGzhjVo1lYl3mqqjEeUW6x5GsvreREAOw+Y4F8BcS3wYzeIwactom5WFsQLMGlcbMXSDnNuTjqAZGOUVr6lxJ+l3BWU12P2PVBqtsWOmwLa3itjkCisdFlFVhbn0YeyaU7NNuK/nkWruo4N5KGmxwXWdYejpVDJDR6+dLXNrCdraX3MlBLigBi6AwOoBdxpain0BaaW6lV+AOb1oOlISkteLpmGISy65D1/MHV1C4H8vwrfVq9d56EHNgRVis/xx86P4d root@ubuntu-xenial
-----END SSH HOST KEY KEYS-----
         Stopping User Manager for UID 1000...
[   20.496825] cloud-init[1557]: Cloud-init v. 19.1-1-gbaa47854-0ubuntu1~16.04.1 running 'modules:final' at Wed, 08 Jan 2020 11:09:39 +0000. Up 20.21 seconds.
[[0;32m  OK  [0m] Stopped User Manager for UID 1000.
[   20.531942] cloud-init[1557]: ci-info: no authorized ssh keys fingerprints found for user ubuntu.
[   20.545713] cloud-init[1557]: Cloud-init v. 19.1-1-gbaa47854-0ubuntu1~16.04.1 finished at Wed, 08 Jan 2020 11:09:40 +0000. Datasource DataSourceNoCloud [seed=/dev/sdb][dsmode=net].  Up 20.46 seconds
[[0;32m  OK  [0m] Removed slice User Slice of vagrant.
[[0;32m  OK  [0m] Started Execute cloud user/final scripts.
[[0;32m  OK  [0m] Reached target Cloud-init target.

Ubuntu 16.04.6 LTS ubuntu-xenial ttyS0

ubuntu-xenial login: 